[ayeshaakamal.com/index.html]
[backblue.gif]
[fade.gif]
[index.html]
[ayeshaakamal.com/wp-includes/blocks/navigation/style.min9c0b.css]
[ayeshaakamal.com/feed/index.html]
[ayeshaakamal.com/comments/feed/index.html]
[ayeshaakamal.com/wp-content/plugins/elementor/assets/css/frontend-lite.minf3b2.css]
[ayeshaakamal.com/wp-content/uploads/elementor/css/post-2568e4fa.css]
[ayeshaakamal.com/wp-includes/blocks/social-links/style.min9c0b.css]
[ayeshaakamal.com/wp-content/plugins/woocommerce/assets/css/woocommerce-layout8833.css]
[ayeshaakamal.com/wp-content/plugins/woocommerce/assets/css/woocommerce-smallscreen8833.css]
[ayeshaakamal.com/wp-content/plugins/woocommerce/assets/css/woocommerce8833.css]
[ayeshaakamal.com/wp-content/plugins/woocommerce/assets/css/woocommerce-blocktheme8833.css]
[ayeshaakamal.com/wp-content/themes/raft/assets/css/build/style0ba6.css]
[ayeshaakamal.com/wp-content/plugins/elementor/assets/lib/eicons/css/elementor-icons.min7bb8.css]
[ayeshaakamal.com/wp-content/plugins/elementor/assets/lib/swiper/v8/css/swiper94a4.css]
[ayeshaakamal.com/wp-content/uploads/elementor/css/post-330444b6.css]
[ayeshaakamal.com/wp-content/uploads/elementor/css/global6575.css]
[ayeshaakamal.com/wp-includes/js/dist/vendor/wp-polyfill-inert.min0226.js]
[ayeshaakamal.com/wp-includes/js/dist/vendor/regenerator-runtime.min6c85.js]
[ayeshaakamal.com/wp-includes/js/dist/vendor/wp-polyfill.min2c7c.js]
[ayeshaakamal.com/wp-includes/js/dist/hooks.min2ebd.js]
[stats.wp.com/web79.js]
[ayeshaakamal.com/wp-includes/js/dist/interactivity.min9c0b.js]
[ayeshaakamal.com/wp-includes/js/jquery/jquery-migrate.min5589.js]
[ayeshaakamal.com/wp-includes/js/jquery/jquery.minf43b.js]
[ayeshaakamal.com/wp-content/plugins/woocommerce/assets/js/jquery-blockui/jquery.blockUI.min2bc8.js]
[ayeshaakamal.com/wp-content/plugins/woocommerce/assets/js/frontend/add-to-cart.min8833.js]
[ayeshaakamal.com/wp-content/plugins/woocommerce/assets/js/js-cookie/js.cookie.min0c4a.js]
[ayeshaakamal.com/wp-content/plugins/woocommerce/assets/js/frontend/woocommerce.min8833.js]
[stats.wp.com/s-202408.js]
[ayeshaakamal.com/wp-json/wp/v2/pages/2568.json]
[ayeshaakamal.com/wp-json/index.html]
[ayeshaakamal.com/xmlrpc0db0.php]
[ayeshaakamal.com/wp-json/oembed/1.0/embed1006.json]
[ayeshaakamal.com/wp-json/oembed/1.0/embed1996]
[ayeshaakamal.com/wp-content/themes/raft/assets/fonts/readex-pro/ReadexPro-VariableFont_wght.ttf]
[ayeshaakamal.com/wp-content/themes/raft/assets/fonts/source-serif-pro/SourceSerif4Variable-Roman.ttf.woff2]
[ayeshaakamal.com/wp-content/themes/raft/assets/fonts/source-serif-pro/SourceSerif4Variable-Italic.ttf.woff2]
[ayeshaakamal.com/wp-content/themes/raft/assets/fonts/figtree/Figtree-VariableFont_wght.ttf]
[ayeshaakamal.com/wp-content/themes/raft/assets/fonts/figtree/Figtree-Italic-VariableFont_wght.ttf]
[ayeshaakamal.com/wp-content/themes/raft/assets/fonts/outfit/Outfit-VariableFont_wght.ttf]
[ayeshaakamal.com/wp-content/themes/raft/assets/fonts/lora/Lora-VariableFont_wght.ttf]
[ayeshaakamal.com/wp-content/themes/raft/assets/fonts/lora/Lora-Italic-VariableFont_wght.ttf]
[ayeshaakamal.com/wp-content/uploads/2023/06/IMG_202312121722070-150x150.jpg]
[ayeshaakamal.com/wp-content/uploads/2023/06/IMG_202312121722070-300x300.jpg]
[ayeshaakamal.com/availablepaintings/index.html]
[ayeshaakamal.com/exhibitions/index.html]
[ayeshaakamal.com/home/contact/index.html]
[ayeshaakamal.com/wp-content/uploads/2022/08/IMG_3190-1-768x1024.jpg]
[ayeshaakamal.com/wp-content/uploads/2023/06/IMG_202306222135232-1-768x1024.jpg]
[ayeshaakamal.com/biography/index.html]
[ayeshaakamal.com/wp-content/uploads/2021/06/2021_04_26_17_46_IMG_7985-768x1024.jpg]
[ayeshaakamal.com/wp-content/uploads/2023/06/IMG_8278-768x1024.jpg]
[ayeshaakamal.com/wp-content/plugins/woocommerce/assets/client/blocks/wc-blocks8fea.css]
[ayeshaakamal.com/paintings/index.html]
[ayeshaakamal.com/interviews/index.html]
[ayeshaakamal.com/wp-includes/blocks/navigation/view.minff1e.js]
[ayeshaakamal.com/contact/index.html]
[ayeshaakamal.com/wp-content/plugins/woocommerce/assets/js/sourcebuster/sourcebuster.min8833.js]
[ayeshaakamal.com/wp-content/plugins/woocommerce/assets/js/frontend/order-attribution.min8833.js]
[ayeshaakamal.com/wp-includes/js/dist/vendor/react.min7a3b.js]
[ayeshaakamal.com/wp-includes/js/dist/deprecated.min664b.js]
[ayeshaakamal.com/wp-includes/js/dist/dom.minbac8.js]
[ayeshaakamal.com/wp-includes/js/dist/vendor/react-dom.min7a3b.js]
[ayeshaakamal.com/wp-includes/js/dist/escape-html.min0311.js]
[ayeshaakamal.com/wp-includes/js/dist/element.min0eb1.js]
[ayeshaakamal.com/wp-includes/js/dist/is-shallow-equal.mincc0f.js]
[ayeshaakamal.com/wp-includes/js/dist/i18n.minf92f.js]
[ayeshaakamal.com/wp-includes/js/dist/keycodes.min3d5f.js]
[ayeshaakamal.com/wp-includes/js/dist/priority-queue.mind972.js]
[ayeshaakamal.com/wp-includes/js/dist/compose.min3e86.js]
[ayeshaakamal.com/wp-includes/js/dist/private-apis.min3089.js]
[ayeshaakamal.com/wp-includes/js/dist/redux-routine.min9528.js]
[ayeshaakamal.com/wp-includes/js/dist/data.min23f6.js]
[ayeshaakamal.com/wp-includes/js/dist/vendor/lodash.minf492.js]
[ayeshaakamal.com/wp-content/plugins/woocommerce/assets/client/blocks/wc-blocks-registry8d1b.js]
[ayeshaakamal.com/wp-includes/js/dist/url.min7dc0.js]
[ayeshaakamal.com/wp-includes/js/dist/api-fetch.min471f.js]
[ayeshaakamal.com/wp-admin/admin-ajaxf809.php]
[ayeshaakamal.com/wp-content/plugins/woocommerce/assets/client/blocks/wc-settings8edc.js]
[ayeshaakamal.com/wp-includes/js/dist/data-controls.min0740.js]
[ayeshaakamal.com/wp-includes/js/dist/html-entities.min68f0.js]
[ayeshaakamal.com/wp-includes/js/dist/notices.min380b.js]
[ayeshaakamal.com/wp-content/plugins/woocommerce/assets/client/blocks/wc-blocks-middlewarece2b.js]
[ayeshaakamal.com/wp-content/plugins/woocommerce/assets/client/blocks/wc-blocks-data997f.js]
[ayeshaakamal.com/wp-includes/js/dist/dom-ready.minded6.js]
[ayeshaakamal.com/wp-includes/js/dist/a11y.min866e.js]
[ayeshaakamal.com/wp-includes/js/dist/primitives.minfde7.js]
[ayeshaakamal.com/wp-includes/js/dist/warning.minb0b0.js]
[ayeshaakamal.com/wp-content/plugins/woocommerce/assets/client/blocks/blocks-componentsf69d.js]
[ayeshaakamal.com/wp-content/plugins/woocommerce/assets/client/blocks/blocks-checkout297b.js]
[ayeshaakamal.com/wp-content/plugins/woocommerce/assets/js/frontend/order-attribution-blocks.min8833.js]
[stats.wp.com/e-202408.js]
[ayeshaakamal.com/wp-content/plugins/elementor/assets/js/webpack.runtime.minf3b2.js]
[ayeshaakamal.com/wp-content/plugins/elementor/assets/js/frontend-modules.minf3b2.js]
[ayeshaakamal.com/wp-content/plugins/elementor/assets/lib/waypoints/waypoints.min05da.js]
[ayeshaakamal.com/wp-includes/js/jquery/ui/core.min3f14.js]
[ayeshaakamal.com/wp-content/plugins/elementor/assets/js/frontend.minf3b2.js]
[ayeshaakamal.com/wp-includes/js/underscore.mind584.js]
[ayeshaakamal.com/wp-includes/js/wp-util.min9c0b.js]
[ayeshaakamal.com/wp-content/plugins/wpforms-lite/assets/js/integrations/elementor/frontend.mine6a2.js]
[ayeshaakamal.com/index.html]
[ayeshaakamal.com/wp-includes/blocks/navigation/style.min9c0b.css]
[ayeshaakamal.com/wp-content/plugins/elementor/assets/css/frontend-lite.minf3b2.css]
[ayeshaakamal.com/wp-content/uploads/elementor/css/post-2568e4fa.css]
[ayeshaakamal.com/wp-includes/blocks/social-links/style.min9c0b.css]
[ayeshaakamal.com/wp-content/plugins/woocommerce/assets/css/woocommerce-layout8833.css]
[ayeshaakamal.com/wp-content/plugins/woocommerce/assets/css/woocommerce-smallscreen8833.css]
[ayeshaakamal.com/wp-content/plugins/woocommerce/assets/fonts/star.eot]
[ayeshaakamal.com/wp-content/plugins/woocommerce/assets/fonts/stard41d.eot]
[ayeshaakamal.com/wp-content/plugins/woocommerce/assets/fonts/star.woff]
[ayeshaakamal.com/wp-content/plugins/woocommerce/assets/fonts/star.ttf]
[ayeshaakamal.com/wp-content/plugins/woocommerce/assets/fonts/star.svg]
[ayeshaakamal.com/wp-content/plugins/woocommerce/assets/fonts/WooCommerce.eot]
[ayeshaakamal.com/wp-content/plugins/woocommerce/assets/fonts/WooCommerced41d.eot]
[ayeshaakamal.com/wp-content/plugins/woocommerce/assets/fonts/WooCommerce.woff]
[ayeshaakamal.com/wp-content/plugins/woocommerce/assets/fonts/WooCommerce.ttf]
[ayeshaakamal.com/wp-content/plugins/woocommerce/assets/fonts/WooCommerce.svg]
[ayeshaakamal.com/wp-content/plugins/woocommerce/assets/images/icons/credit-cards/visa.svg]
[ayeshaakamal.com/wp-content/plugins/woocommerce/assets/images/icons/credit-cards/mastercard.svg]
[ayeshaakamal.com/wp-content/plugins/woocommerce/assets/images/icons/credit-cards/laser.svg]
[ayeshaakamal.com/wp-content/plugins/woocommerce/assets/images/icons/credit-cards/diners.svg]
[ayeshaakamal.com/wp-content/plugins/woocommerce/assets/images/icons/credit-cards/maestro.svg]
[ayeshaakamal.com/wp-content/plugins/woocommerce/assets/images/icons/credit-cards/jcb.svg]
[ayeshaakamal.com/wp-content/plugins/woocommerce/assets/images/icons/credit-cards/amex.svg]
[ayeshaakamal.com/wp-content/plugins/woocommerce/assets/images/icons/credit-cards/discover.svg]
[ayeshaakamal.com/wp-content/plugins/woocommerce/assets/css/woocommerce8833.css]
[ayeshaakamal.com/wp-content/plugins/woocommerce/assets/css/woocommerce-blocktheme8833.css]
[ayeshaakamal.com/wp-content/themes/raft/assets/css/build/style0ba6.css]
[ayeshaakamal.com/wp-content/plugins/elementor/assets/lib/eicons/fonts/eicons080a.eot]
[ayeshaakamal.com/wp-content/plugins/elementor/assets/lib/eicons/fonts/eicons080a.woff2]
[ayeshaakamal.com/wp-content/plugins/elementor/assets/lib/eicons/fonts/eicons080a.woff]
[ayeshaakamal.com/wp-content/plugins/elementor/assets/lib/eicons/fonts/eicons080a.ttf]
[ayeshaakamal.com/wp-content/plugins/elementor/assets/lib/eicons/css/elementor-icons.min7bb8.css]
[ayeshaakamal.com/wp-content/plugins/elementor/assets/lib/swiper/v8/css/swiper94a4.css]
[ayeshaakamal.com/wp-content/uploads/elementor/css/post-330444b6.css]
[ayeshaakamal.com/wp-content/uploads/elementor/css/global6575.css]
[ayeshaakamal.com/availablepaintings/feed/index.html]
[ayeshaakamal.com/wp-content/plugins/elementor/assets/lib/eicons/fonts/eicons080a.svg]
[ayeshaakamal.com/wp-content/plugins/woocommerce/assets/client/blocks/breadcrumbs8fea.css]
[ayeshaakamal.com/wp-content/plugins/woocommerce/assets/client/blocks/product-image8fea.css]
[ayeshaakamal.com/wp-content/plugins/woocommerce/assets/client/blocks/product-button8fea.css]
[ayeshaakamal.com/wp-content/plugins/woocommerce/assets/client/blocks/product-query8fea.css]
[ayeshaakamal.com/wp-content/plugins/elementor/assets/css/common.minf3b2.css]
[ayeshaakamal.com/wp-content/plugins/elementor/assets/css/theme-light.minf3b2.css]
[ayeshaakamal.com/wp-content/uploads/2023/07/IMG_0532-scaled.jpg]
[ayeshaakamal.com/product/asma-e-nabi/index.html]
[ayeshaakamal.com/wp-content/uploads/2023/07/IMG_3176-scaled.jpg]
[ayeshaakamal.com/cart/index.html]
[ayeshaakamal.com/wp-content/uploads/2021/04/IMG_202304190128100-scaled.jpg]
[ayeshaakamal.com/product/3958/index.html]
[ayeshaakamal.com/availablepaintings/index6737.html]
[ayeshaakamal.com/wp-content/uploads/2023/07/IMG_9343-scaled.jpg]
[ayeshaakamal.com/product/3928/index.html]
[ayeshaakamal.com/availablepaintings/index6bd4.html]
[ayeshaakamal.com/wp-content/uploads/2023/07/IMG_0313-scaled.jpg]
[ayeshaakamal.com/availablepaintings/index0245.html]
[ayeshaakamal.com/product/surah-rehman/index.html]
[ayeshaakamal.com/product/surah-rehman-2/index.html]
[ayeshaakamal.com/wp-content/uploads/2023/06/IMG_202306222135232-scaled.jpg]
[ayeshaakamal.com/availablepaintings/index39f1.html]
[ayeshaakamal.com/availablepaintings/index075b.html]
[ayeshaakamal.com/product/surahshifa/index.html]
[ayeshaakamal.com/wp-content/uploads/2021/04/2022_01_29_10_35_IMG_2841.jpg]
[ayeshaakamal.com/product/surahyaseen/index.html]
[ayeshaakamal.com/wp-content/plugins/woocommerce/assets/client/blocks/wc-interactivity8fea.js]
[ayeshaakamal.com/availablepaintings/index4d83.html]
[ayeshaakamal.com/wp-content/plugins/woocommerce/assets/client/blocks/product-button-interactivity-frontend011e.js]
[ayeshaakamal.com/wp-includes/js/jquery/ui/mouse.min3f14.js]
[ayeshaakamal.com/availablepaintings/indexe559.html]
[ayeshaakamal.com/wp-includes/js/jquery/ui/draggable.min3f14.js]
[ayeshaakamal.com/wp-includes/js/backbone.min91ce.js]
[ayeshaakamal.com/wp-content/plugins/elementor/assets/lib/backbone/backbone.marionette.min4ae5.js]
[ayeshaakamal.com/wp-content/plugins/elementor/assets/lib/backbone/backbone.radio.min4b68.js]
[ayeshaakamal.com/wp-content/plugins/elementor/assets/js/common-modules.minf3b2.js]
[ayeshaakamal.com/wp-content/plugins/elementor/assets/lib/dialog/dialog.mind227.js]
[ayeshaakamal.com/wp-content/plugins/elementor/assets/js/web-cli.minf3b2.js]
[ayeshaakamal.com/wp-includes/js/api-request.min9c0b.js]
[ayeshaakamal.com/wp-content/plugins/elementor/assets/js/dev-tools.minf3b2.js]
[ayeshaakamal.com/wp-content/plugins/elementor/assets/js/common.minf3b2.js]
[ayeshaakamal.com/availablepaintings/index.html]
[ayeshaakamal.com/wp-content/plugins/elementor/assets/js/app-loader.minf3b2.js]
[ayeshaakamal.com/wp-content/uploads/elementor/css/post-3612e08e.css]
[ayeshaakamal.com/wp-json/wp/v2/pages/3612.json]
[ayeshaakamal.com/wp-json/oembed/1.0/embed4c0c.json]
[ayeshaakamal.com/wp-json/oembed/1.0/embedf965]
[ayeshaakamal.com/wp-content/plugins/elementor/assets/lib/animations/animations.minf3b2.css]
[ayeshaakamal.com/biography/index.html]
[ayeshaakamal.com/wp-content/uploads/elementor/css/post-36208b6d.css]
[ayeshaakamal.com/wp-json/wp/v2/pages/3620.json]
[ayeshaakamal.com/wp-json/oembed/1.0/embed07fc.json]
[ayeshaakamal.com/wp-json/oembed/1.0/embed71f4]
[ayeshaakamal.com/wp-content/uploads/2023/11/IMG_6989-768x1024.jpg]
[ayeshaakamal.com/wp-content/uploads/2023/11/IMG_7061-768x1024.jpg]
[ayeshaakamal.com/wp-content/uploads/2023/11/IMG_6986-768x1024.jpg]
[ayeshaakamal.com/wp-content/uploads/2023/11/IMG_7030-768x1024.jpg]
[ayeshaakamal.com/wp-content/uploads/2023/11/IMG_7092-768x1024.jpg]
[ayeshaakamal.com/wp-content/uploads/2023/11/IMG_7100-768x1024.jpg]
[ayeshaakamal.com/wp-content/uploads/2022/08/IMG_5202-2-768x1024.jpg]
[ayeshaakamal.com/wp-content/uploads/2022/08/IMG_3270-768x1024.jpg]
[ayeshaakamal.com/wp-content/uploads/2022/08/IMG_3380-768x1024.jpg]
[ayeshaakamal.com/wp-content/uploads/2022/08/40d22554-6d24-4485-9307-e108f7018b5b-1024x768.jpg]
[ayeshaakamal.com/wp-content/uploads/2022/08/2a332da0-21c3-4333-9668-179accd62c15-1024x768.jpg]
[ayeshaakamal.com/wp-content/uploads/2022/08/daa6822a-9dc5-42a9-8340-64aa855aebab-1024x768.jpg]
[ayeshaakamal.com/wp-content/uploads/2022/08/1129ffb1-2649-4cae-8301-b17cd8ccc15a-1024x768.jpg]
[ayeshaakamal.com/wp-content/uploads/2022/08/D48BE774-95E1-4F27-B14D-A4366FB3B739-1024x769.jpg]
[ayeshaakamal.com/wp-content/uploads/2023/07/IMG_2290.jpg]
[ayeshaakamal.com/wp-content/uploads/2023/07/IMG_0480.jpg]
[ayeshaakamal.com/wp-content/uploads/2022/08/IMG_4053-768x1024.jpg]
[ayeshaakamal.com/wp-content/uploads/2022/08/IMG_4008-768x1024.jpg]
[ayeshaakamal.com/wp-content/uploads/2022/08/IMG_4497-768x1024.jpg]
[ayeshaakamal.com/wp-content/uploads/2022/08/IMG_5045-1024x683.jpg]
[ayeshaakamal.com/exhibitions/index.html]
[ayeshaakamal.com/wp-content/uploads/elementor/css/post-2131d5c4.css]
[ayeshaakamal.com/wp-content/plugins/wpforms-lite/assets/css/frontend/modern/wpforms-full.mine6a2.css]
[ayeshaakamal.com/wp-content/plugins/elementor/assets/lib/font-awesome/css/fontawesome.min52d5.css]
[ayeshaakamal.com/wp-content/plugins/elementor/assets/lib/font-awesome/css/regular.min52d5.css]
[ayeshaakamal.com/wp-content/plugins/elementor/assets/lib/font-awesome/css/solid.min52d5.css]
[ayeshaakamal.com/wp-json/wp/v2/pages/2131.json]
[ayeshaakamal.com/wp-json/oembed/1.0/embedff63.json]
[ayeshaakamal.com/wp-json/oembed/1.0/embed7c61]
[ayeshaakamal.com/wp-content/plugins/wpforms-lite/assets/images/submit-spin.svg]
[ayeshaakamal.com/wp-content/plugins/wpforms-lite/assets/lib/jquery.validate.min7e9d.js]
[ayeshaakamal.com/wp-content/plugins/wpforms-lite/assets/lib/mailcheck.mincfa9.js]
[ayeshaakamal.com/wp-content/plugins/wpforms-lite/assets/lib/punycode.min8a54.js]
[ayeshaakamal.com/wp-content/plugins/wpforms-lite/assets/js/utils.mine6a2.js]
[ayeshaakamal.com/wp-content/plugins/wpforms-lite/assets/js/wpforms.mine6a2.js]
[ayeshaakamal.com/wp-content/plugins/wpforms-lite/assets/js/wpforms-modern.mine6a2.js]
[ayeshaakamal.com/home/contact/index.html]
[ayeshaakamal.com/wp-content/uploads/elementor/css/post-36248b6d.css]
[ayeshaakamal.com/wp-json/wp/v2/pages/3624.json]
[ayeshaakamal.com/wp-json/oembed/1.0/embedee70.json]
[ayeshaakamal.com/wp-json/oembed/1.0/embeda4ab]
[ayeshaakamal.com/wp-content/uploads/2023/07/IMG_0382.jpg]
[ayeshaakamal.com/wp-content/uploads/2023/07/IMG_0383-1024x1024.jpg]
[ayeshaakamal.com/wp-content/uploads/2023/07/IMG_0385-1024x570.jpg]
[ayeshaakamal.com/wp-content/uploads/2023/07/IMG_0386.jpg]
[ayeshaakamal.com/wp-content/uploads/2023/07/IMG_0387-1024x503.jpg]
[ayeshaakamal.com/wp-content/uploads/2023/07/IMG_0523-1024x578.jpg]
[ayeshaakamal.com/wp-content/uploads/2023/07/IMG_0400-1024x575.jpg]
[ayeshaakamal.com/interviews/index.html]
[ayeshaakamal.com/wp-content/uploads/elementor/css/post-348234e8.css]
[ayeshaakamal.com/wp-json/wp/v2/pages/3482.json]
[ayeshaakamal.com/wp-json/oembed/1.0/embed6934.json]
[ayeshaakamal.com/wp-json/oembed/1.0/embed943c]
[ayeshaakamal.com/wp-content/uploads/2021/04/2022_01_29_10_35_IMG_2841-1024x1024.jpg]
[ayeshaakamal.com/wp-content/uploads/2023/06/IMG_4080-1024x643.jpg]
[ayeshaakamal.com/wp-content/uploads/2023/06/IMG_202306222135232-768x915.jpg]
[ayeshaakamal.com/wp-content/uploads/2021/04/IMG_202304190128100-1024x654.jpg]
[ayeshaakamal.com/wp-content/uploads/2021/04/2022_05_19_18_37_IMG_1298-1024x1024.jpg]
[ayeshaakamal.com/wp-content/uploads/2023/06/IMG_7868-1024x566.jpg]
[ayeshaakamal.com/wp-content/uploads/2023/07/IMG_202307031641114-1024x758.jpg]
[ayeshaakamal.com/wp-content/uploads/2023/07/IMG_9566-scaled.jpg]
[ayeshaakamal.com/wp-content/uploads/2023/07/IMG_2023070316411136.jpg]
[ayeshaakamal.com/wp-content/uploads/2021/04/IMG_2419-1024x1024.jpg]
[ayeshaakamal.com/wp-content/uploads/2023/06/IMG_0687-849x1024.jpg]
[ayeshaakamal.com/wp-content/uploads/2023/07/IMG_202307031641112-scaled.jpg]
[ayeshaakamal.com/wp-content/uploads/2021/04/2021_08_26_16_24_IMG_2756-1-1024x499.jpg]
[ayeshaakamal.com/wp-content/uploads/2023/07/IMG_2023070316411125-scaled.jpg]
[ayeshaakamal.com/wp-content/uploads/2023/07/IMG_2023070316411111-861x1024.jpg]
[ayeshaakamal.com/paintings/index.html]
[ayeshaakamal.com/paintings2/index.html]
[ayeshaakamal.com/wp-includes/js/comment-reply.min9c0b.js]
[ayeshaakamal.com/contact/index.html]
[ayeshaakamal.com/wp-content/plugins/woocommerce/assets/client/blocks/wc-blocks8fea.css]
[ayeshaakamal.com/wp-admin/admin-ajaxf809.html]
[ayeshaakamal.com/wp-content/plugins/woocommerce/assets/fonts/star.svg]
[ayeshaakamal.com/wp-content/plugins/woocommerce/assets/fonts/WooCommerce.svg]
[ayeshaakamal.com/wp-content/plugins/woocommerce/assets/images/icons/loader.svg]
[ayeshaakamal.com/wp-content/plugins/woocommerce/assets/images/icons/credit-cards/visa.svg]
[ayeshaakamal.com/wp-content/plugins/woocommerce/assets/images/icons/credit-cards/mastercard.svg]
[ayeshaakamal.com/wp-content/plugins/woocommerce/assets/images/icons/credit-cards/laser.svg]
[ayeshaakamal.com/wp-content/plugins/woocommerce/assets/images/icons/credit-cards/diners.svg]
[ayeshaakamal.com/wp-content/plugins/woocommerce/assets/images/icons/credit-cards/maestro.svg]
[ayeshaakamal.com/wp-content/plugins/woocommerce/assets/images/icons/credit-cards/jcb.svg]
[ayeshaakamal.com/wp-content/plugins/woocommerce/assets/images/icons/credit-cards/amex.svg]
[ayeshaakamal.com/wp-content/plugins/woocommerce/assets/images/icons/credit-cards/discover.svg]
[ayeshaakamal.com/wp-content/plugins/elementor/assets/lib/eicons/fonts/eicons080a.svg]
[ayeshaakamal.com/wp-content/plugins/woocommerce/assets/client/blocks/breadcrumbs8fea.css]
[ayeshaakamal.com/wp-content/plugins/woocommerce/assets/client/blocks/product-image8fea.css]
[ayeshaakamal.com/wp-content/plugins/woocommerce/assets/client/blocks/product-button8fea.css]
[ayeshaakamal.com/wp-content/plugins/woocommerce/assets/client/blocks/product-query8fea.css]
[ayeshaakamal.com/wp-content/plugins/elementor/assets/css/common.minf3b2.css]
[ayeshaakamal.com/wp-content/plugins/elementor/assets/css/theme-light.minf3b2.css]
[ayeshaakamal.com/wp-content/plugins/woocommerce/assets/css/photoswipe/photoswipe.min8833.css]
[ayeshaakamal.com/wp-content/plugins/woocommerce/assets/css/photoswipe/default-skin/default-skin.min8833.css]
[ayeshaakamal.com/wp-content/plugins/woocommerce/assets/client/blocks/product-image-gallery8fea.css]
[ayeshaakamal.com/wp-content/plugins/woocommerce/assets/client/blocks/add-to-cart-form8fea.css]
[ayeshaakamal.com/wp-content/plugins/woocommerce/assets/client/blocks/packages-style8fea.css]
[ayeshaakamal.com/wp-content/plugins/woocommerce/assets/client/blocks/product-details8fea.css]
[ayeshaakamal.com/wp-content/plugins/woocommerce/assets/js/zoom/jquery.zoom.min0c64.js]
[ayeshaakamal.com/wp-content/plugins/woocommerce/assets/js/flexslider/jquery.flexslider.mincbca.js]
[ayeshaakamal.com/wp-content/plugins/woocommerce/assets/js/photoswipe/photoswipe.min4a50.js]
[ayeshaakamal.com/wp-content/plugins/woocommerce/assets/js/photoswipe/photoswipe-ui-default.min4a50.js]
[ayeshaakamal.com/wp-content/plugins/woocommerce/assets/js/frontend/single-product.min8833.js]
[ayeshaakamal.com/wp-json/wp/v2/product/3920.json]
[ayeshaakamal.com/wp-json/oembed/1.0/embedeb87.json]
[ayeshaakamal.com/wp-json/oembed/1.0/embedaf7a]
[ayeshaakamal.com/wp-content/plugins/woocommerce/assets/client/blocks/product-price-frontend8fea.js]
[ayeshaakamal.com/product/asma-e-nabi/index.html]
[ayeshaakamal.com/product/asma-e-nabi/index0245.html]
[ayeshaakamal.com/product/asma-e-nabi/index075b.html]
[ayeshaakamal.com/product/asma-e-nabi/index39f1.html]
[ayeshaakamal.com/product-category/uncategorized/index.html]
[ayeshaakamal.com/wp-content/plugins/woocommerce/assets/client/blocks/cart-frontend19a0.js]
[ayeshaakamal.com/wp-content/plugins/woocommerce/assets/client/blocks/wc-blocks-shared-context924b.js]
[ayeshaakamal.com/wp-content/plugins/woocommerce/assets/client/blocks/wc-blocks-shared-hocs90e2.js]
[ayeshaakamal.com/wp-content/plugins/woocommerce/assets/client/blocks/price-format65ec.js]
[ayeshaakamal.com/wp-includes/js/dist/autop.min13aa.js]
[ayeshaakamal.com/wp-includes/js/dist/blob.min0be0.js]
[ayeshaakamal.com/wp-includes/js/dist/blocks.minc6ee.js]
[ayeshaakamal.com/wp-includes/js/dist/block-serialization-default-parser.min0082.js]
[ayeshaakamal.com/wp-includes/js/dist/shortcode.min1b36.js]
[ayeshaakamal.com/wp-includes/js/dist/plugins.mind3be.js]
[ayeshaakamal.com/wp-includes/js/dist/style-engine.mind12a.js]
[ayeshaakamal.com/wp-includes/js/dist/wordcount.min13b3.js]
[ayeshaakamal.com/availablepaintings/index6737.html]
[ayeshaakamal.com/wp-content/plugins/woocommerce/assets/client/blocks/all-products8fea.css]
[ayeshaakamal.com/wp-content/plugins/woocommerce/assets/client/blocks/checkout-frontended1f.js]
[ayeshaakamal.com/wp-content/plugins/woocommerce/assets/client/blocks/cart8fea.css]
[ayeshaakamal.com/wp-content/plugins/woocommerce-gateway-stripe/assets/js/jquery.mask.min15a9.js]
[ayeshaakamal.com/wp-json/wp/v2/pages/3892.json]
[ayeshaakamal.com/wp-json/oembed/1.0/embedd31d.json]
[ayeshaakamal.com/wp-json/oembed/1.0/embed4d27]
[ayeshaakamal.com/wp-content/uploads/2023/07/IMG_3176-scaled-300x300.jpg]
[ayeshaakamal.com/wp-content/uploads/2021/04/IMG_202304190128100-scaled-300x300.jpg]
[ayeshaakamal.com/wp-content/plugins/woocommerce/assets/client/blocks/wc-payment-method-bacs470d.js]
[ayeshaakamal.com/cart/index.html]
[ayeshaakamal.com/cart/index6bd4.html]
[ayeshaakamal.com/cart/index0245.html]
[ayeshaakamal.com/cart/index075b.html]
[ayeshaakamal.com/cart/index39f1.html]
[ayeshaakamal.com/wp-json/wp/v2/product/3958.json]
[ayeshaakamal.com/wp-json/oembed/1.0/embed095a.json]
[ayeshaakamal.com/wp-json/oembed/1.0/embed54d1]
[ayeshaakamal.com/product/3958/index.html]
[ayeshaakamal.com/availablepaintings/index6bd4.html]
[ayeshaakamal.com/wp-json/wp/v2/product/3928.json]
[ayeshaakamal.com/product-category/art/index.html]
[ayeshaakamal.com/wp-json/oembed/1.0/embedb3cf.json]
[ayeshaakamal.com/wp-json/oembed/1.0/embeda14f]
[ayeshaakamal.com/product/3928/index.html]
[ayeshaakamal.com/product/3958/index4d83.html]
[ayeshaakamal.com/availablepaintings/index0245.html]
[ayeshaakamal.com/product/3958/indexe559.html]
[ayeshaakamal.com/product/3928/index075b.html]
[ayeshaakamal.com/product/3928/index39f1.html]
[ayeshaakamal.com/wp-json/wp/v2/product/3935.json]
[ayeshaakamal.com/wp-json/oembed/1.0/embed00f3.json]
[ayeshaakamal.com/wp-json/oembed/1.0/embed20e9]
[ayeshaakamal.com/product/surah-rehman/index.html]
[ayeshaakamal.com/availablepaintings/index075b.html]
[ayeshaakamal.com/product/3928/index6737.html]
[ayeshaakamal.com/wp-json/wp/v2/product/3957.json]
[ayeshaakamal.com/wp-json/oembed/1.0/embed09dd.json]
[ayeshaakamal.com/wp-json/oembed/1.0/embed49ac]
[ayeshaakamal.com/product/surah-rehman-2/index.html]
[ayeshaakamal.com/product/surah-rehman/index0245.html]
[ayeshaakamal.com/availablepaintings/index39f1.html]
[ayeshaakamal.com/product/surah-rehman/index39f1.html]
[ayeshaakamal.com/product/surah-rehman/index6737.html]
[ayeshaakamal.com/product/surah-rehman-2/index075b.html]
[ayeshaakamal.com/product/surah-rehman-2/index0245.html]
[ayeshaakamal.com/wp-json/wp/v2/product/3906.json]
[ayeshaakamal.com/wp-json/oembed/1.0/embed9a0e.json]
[ayeshaakamal.com/wp-json/oembed/1.0/embedb446]
[ayeshaakamal.com/product/surahshifa/index.html]
[ayeshaakamal.com/availablepaintings/index4d83.html]
[ayeshaakamal.com/product/surah-rehman-2/index6737.html]
[ayeshaakamal.com/wp-json/wp/v2/product/3903.json]
[ayeshaakamal.com/wp-json/oembed/1.0/embed2295.json]
[ayeshaakamal.com/wp-json/oembed/1.0/embed4cee]
[ayeshaakamal.com/product/surahyaseen/index.html]
[ayeshaakamal.com/availablepaintings/indexe559.html]
[ayeshaakamal.com/product/surahshifa/index6bd4.html]
[ayeshaakamal.com/wp-content/uploads/elementor/css/post-3612e08e.css]
[ayeshaakamal.com/wp-content/plugins/elementor/assets/lib/animations/animations.minf3b2.css]
[ayeshaakamal.com/wp-content/uploads/elementor/css/post-36208b6d.css]
[ayeshaakamal.com/wp-content/uploads/elementor/css/post-2131d5c4.css]
[ayeshaakamal.com/product/surahshifa/indexe559.html]
[ayeshaakamal.com/wp-content/plugins/wpforms-lite/assets/css/frontend/modern/wpforms-full.mine6a2.css]
[ayeshaakamal.com/wp-content/plugins/elementor/assets/lib/font-awesome/css/fontawesome.min52d5.css]
[ayeshaakamal.com/product/surahyaseen/index6bd4.html]
[ayeshaakamal.com/wp-content/plugins/elementor/assets/lib/font-awesome/webfonts/fa-regular-400.eot]
[ayeshaakamal.com/product/surahyaseen/index4d83.html]
[ayeshaakamal.com/wp-content/plugins/elementor/assets/lib/font-awesome/webfonts/fa-regular-400d41d.eot]
[ayeshaakamal.com/wp-content/plugins/elementor/assets/lib/font-awesome/webfonts/fa-regular-400.woff2]
[ayeshaakamal.com/wp-content/plugins/elementor/assets/lib/font-awesome/webfonts/fa-regular-400.woff]
[ayeshaakamal.com/wp-content/plugins/elementor/assets/lib/font-awesome/webfonts/fa-regular-400.ttf]
[ayeshaakamal.com/wp-content/plugins/elementor/assets/lib/font-awesome/css/regular.min52d5.css]
[ayeshaakamal.com/wp-content/plugins/elementor/assets/lib/font-awesome/webfonts/fa-solid-900.eot]
[ayeshaakamal.com/wp-content/plugins/elementor/assets/lib/font-awesome/webfonts/fa-regular-400.svg]
[ayeshaakamal.com/wp-content/plugins/elementor/assets/lib/font-awesome/webfonts/fa-solid-900d41d.eot]
[ayeshaakamal.com/wp-content/plugins/elementor/assets/lib/font-awesome/webfonts/fa-solid-900.woff2]
[ayeshaakamal.com/wp-content/plugins/elementor/assets/lib/font-awesome/webfonts/fa-solid-900.woff]
[ayeshaakamal.com/wp-content/plugins/elementor/assets/lib/font-awesome/webfonts/fa-solid-900.ttf]
[ayeshaakamal.com/wp-content/plugins/elementor/assets/lib/font-awesome/css/solid.min52d5.css]
[ayeshaakamal.com/wp-content/plugins/wpforms-lite/assets/images/submit-spin.svg]
[ayeshaakamal.com/wp-content/uploads/elementor/css/post-36248b6d.css]
[ayeshaakamal.com/wp-content/uploads/elementor/css/post-348234e8.css]
[ayeshaakamal.com/wp-json/wp/v2/pages/3530.json]
[ayeshaakamal.com/wp-json/oembed/1.0/embed2c65.json]
[ayeshaakamal.com/wp-json/oembed/1.0/embedc1b5]
[ayeshaakamal.com/wp-content/plugins/elementor/assets/lib/font-awesome/webfonts/fa-solid-900.svg]
[ayeshaakamal.com/wp-content/uploads/2021/04/IMG_1989-851x1024.jpg]
[ayeshaakamal.com/wp-content/uploads/2023/06/IMG_7112-1024x511.jpg]
[ayeshaakamal.com/wp-content/uploads/2023/07/IMG_2023070316411132-1024x1024.jpg]
[ayeshaakamal.com/wp-content/uploads/2023/07/IMG_202307031641118-1024x844.jpg]
[ayeshaakamal.com/wp-content/uploads/2023/07/IMG_7004-1024x509.jpg]
[ayeshaakamal.com/wp-content/uploads/2023/07/IMG_2023070316411120-1024x1024.jpg]
[ayeshaakamal.com/wp-content/uploads/2023/07/IMG_2023070316411130-1024x516.jpg]
[ayeshaakamal.com/wp-content/uploads/2023/07/IMG_202307031641111.jpg]
[ayeshaakamal.com/wp-content/uploads/2021/04/2022_03_26_17_41_IMG_1296-1024x1024.jpg]
[ayeshaakamal.com/wp-content/uploads/2023/07/IMG_6110-1024x714.jpg]
[ayeshaakamal.com/wp-content/uploads/2023/07/IMG_2023070316411118-1013x1024.jpg]
[ayeshaakamal.com/wp-content/uploads/2023/07/IMG_2023070316411114-849x1024.jpg]
[ayeshaakamal.com/wp-content/uploads/2023/07/IMG_2023070316411115-scaled.jpg]
[ayeshaakamal.com/wp-content/uploads/2023/07/IMG_2046-1024x506.jpg]
[ayeshaakamal.com/wp-content/uploads/2021/04/IMG_0064-scaled.jpg]
[ayeshaakamal.com/paintings2/index.html]
[ayeshaakamal.com/wp-content/plugins/woocommerce/assets/css/photoswipe/default-skin/default-skin.png]
[ayeshaakamal.com/wp-content/plugins/woocommerce/assets/css/photoswipe/photoswipe.min8833.css]
[ayeshaakamal.com/wp-content/plugins/woocommerce/assets/css/photoswipe/default-skin/default-skin.svg]
[ayeshaakamal.com/wp-content/plugins/woocommerce/assets/css/photoswipe/default-skin/preloader.gif]
[ayeshaakamal.com/wp-content/plugins/woocommerce/assets/css/photoswipe/default-skin/default-skin.min8833.css]
[ayeshaakamal.com/wp-content/plugins/woocommerce/assets/client/blocks/product-image-gallery8fea.css]
[ayeshaakamal.com/wp-content/plugins/woocommerce/assets/client/blocks/add-to-cart-form8fea.css]
[ayeshaakamal.com/wp-content/plugins/woocommerce/assets/client/blocks/packages-style8fea.css]
[ayeshaakamal.com/wp-content/plugins/woocommerce/assets/client/blocks/product-details8fea.css]
[ayeshaakamal.com/product-category/uncategorized/feed/index.html]
[ayeshaakamal.com/wp-json/wp/v2/product_cat/38.json]
[ayeshaakamal.com/product-category/uncategorized/index.html]
[ayeshaakamal.com/product-category/uncategorized/index0245.html]
[ayeshaakamal.com/product-category/uncategorized/index6737.html]
[ayeshaakamal.com/product/asma-e-nabi/index39f1.html]
[ayeshaakamal.com/product/asma-e-nabi/index075b.html]
[ayeshaakamal.com/product/asma-e-nabi/index0245.html]
[ayeshaakamal.com/wp-content/plugins/woocommerce/assets/client/blocks/all-products8fea.css]
[ayeshaakamal.com/wp-content/plugins/woocommerce/assets/client/blocks/cart8fea.css]
[ayeshaakamal.com/cart/index6bd4.html]
[ayeshaakamal.com/cart/index39f1.html]
[ayeshaakamal.com/cart/index075b.html]
[ayeshaakamal.com/cart/index0245.html]
[ayeshaakamal.com/product-category/uncategorized/index075b.html]
[ayeshaakamal.com/product-category/uncategorized/index39f1.html]
[ayeshaakamal.com/product-category/art/feed/index.html]
[ayeshaakamal.com/wp-json/wp/v2/product_cat/46.json]
[ayeshaakamal.com/product-category/art/index.html]
[ayeshaakamal.com/product/3958/index4d83.html]
[ayeshaakamal.com/product/3958/indexe559.html]
[ayeshaakamal.com/checkout/index.html]
[ayeshaakamal.com/product/3928/index39f1.html]
[ayeshaakamal.com/product/3928/index075b.html]
[ayeshaakamal.com/product/3928/index6737.html]
[ayeshaakamal.com/product/surah-rehman/index39f1.html]
[ayeshaakamal.com/product/surah-rehman/index0245.html]
[ayeshaakamal.com/product-category/art/index6bd4.html]
[ayeshaakamal.com/product/surah-rehman/index6737.html]
[ayeshaakamal.com/product/surah-rehman-2/index075b.html]
[ayeshaakamal.com/product/surah-rehman-2/index0245.html]
[ayeshaakamal.com/product/surah-rehman-2/index6737.html]
[ayeshaakamal.com/product-category/art/indexe559.html]
[ayeshaakamal.com/product-category/art/index4d83.html]
[ayeshaakamal.com/product/surahshifa/index6bd4.html]
[ayeshaakamal.com/product/surahshifa/indexe559.html]
[ayeshaakamal.com/product/surahyaseen/index6bd4.html]
[ayeshaakamal.com/product/surahyaseen/index4d83.html]
[ayeshaakamal.com/wp-content/plugins/elementor/assets/lib/font-awesome/webfonts/fa-regular-400.svg]
[ayeshaakamal.com/wp-content/plugins/elementor/assets/lib/font-awesome/webfonts/fa-solid-900.svg]
[ayeshaakamal.com/wp-content/uploads/elementor/css/post-35305fb8.css]
[ayeshaakamal.com/wp-content/plugins/woocommerce/assets/css/photoswipe/default-skin/default-skin.svg]
[ayeshaakamal.com/product-category/uncategorized/index6737.html]
[ayeshaakamal.com/product-category/uncategorized/index0245.html]
[ayeshaakamal.com/product-category/uncategorized/index075b.html]
[ayeshaakamal.com/product-category/uncategorized/index39f1.html]
[ayeshaakamal.com/wp-content/plugins/woocommerce/assets/client/blocks/checkout8fea.css]
[ayeshaakamal.com/wp-json/wp/v2/pages/3893.json]
[ayeshaakamal.com/wp-json/oembed/1.0/embed531c.json]
[ayeshaakamal.com/wp-json/oembed/1.0/embed9352]
[ayeshaakamal.com/wp-content/plugins/mailpoet/assets/dist/js/marketing-optin-block/marketing-optin-block-frontendbab9.js]
[ayeshaakamal.com/checkout/index.html]
[ayeshaakamal.com/product-category/art/index6bd4.html]
[ayeshaakamal.com/product-category/art/index4d83.html]
[ayeshaakamal.com/product-category/art/indexe559.html]
[ayeshaakamal.com/wp-content/plugins/woocommerce/assets/client/blocks/checkout8fea.css]
